[2026-03-11 15:22:21.648][INFO] Content browser starting. Workspace=C:\Users\vagab\OneDrive\Documents\Cataclysm RPG
[2026-03-11 15:22:22.606][INFO] Content browser initialized successfully.
[2026-03-11 15:23:46.940][INFO] Content browser starting. Workspace=C:\Users\vagab\OneDrive\Documents\Cataclysm RPG
[2026-03-11 15:23:47.354][INFO] Content browser initialized successfully.
[2026-03-11 15:23:53.453][INFO] Tree refreshed by user.
[2026-03-11 15:30:42.573][INFO] Content browser closed. DialogResult=Cancel
[2026-03-11 19:06:43.298][INFO] Content browser starting. Workspace=C:\Users\vagab\OneDrive\Documents\Cataclysm RPG
[2026-03-11 19:06:43.782][INFO] Content browser initialized successfully.
[2026-03-11 19:08:40.624][INFO] Content browser closed. DialogResult=Cancel
[2026-03-12 19:45:15.023][INFO] Content browser starting. Workspace=C:\Users\vagab\OneDrive\Documents\Cataclysm RPG
[2026-03-12 19:45:15.564][INFO] Content browser initialized successfully.
[2026-03-12 19:47:27.513][INFO] Content browser closed. DialogResult=Cancel
[2026-03-13 16:53:12.008][INFO] Content browser starting. Workspace=C:\Users\vagab\OneDrive\Documents\Cataclysm RPG
[2026-03-13 16:53:12.744][ERROR] Failed during form initialization: Cannot bind argument to parameter 'Name' because it is an empty string.
[2026-03-13 16:53:22.306][INFO] Content browser closed. DialogResult=Cancel
[2026-03-13 17:05:11.920][INFO] Content browser starting. Workspace=C:\Users\vagab\OneDrive\Documents\Cataclysm RPG
[2026-03-13 17:09:44.323][INFO] Content browser starting. Workspace=C:\Users\vagab\OneDrive\Documents\Cataclysm RPG
[2026-03-13 17:10:38.796][INFO] Content browser starting. Workspace=C:\Users\vagab\OneDrive\Documents\Cataclysm RPG
[2026-03-13 17:13:11.664][INFO] Content browser starting. Workspace=C:\Users\vagab\OneDrive\Documents\Cataclysm RPG
[2026-03-13 17:14:20.774][INFO] Content browser starting. Workspace=C:\Users\vagab\OneDrive\Documents\Cataclysm RPG
[2026-03-13 17:14:58.131][INFO] Content browser starting. Workspace=C:\Users\vagab\OneDrive\Documents\Cataclysm RPG
[2026-03-13 17:15:37.369][INFO] Content browser starting. Workspace=C:\Users\vagab\OneDrive\Documents\Cataclysm RPG
[2026-03-13 17:16:09.548][INFO] Content browser starting. Workspace=C:\Users\vagab\OneDrive\Documents\Cataclysm RPG
[2026-03-13 17:31:32.444][INFO] Content browser starting. Workspace=C:\Users\vagab\OneDrive\Documents\Cataclysm RPG
[2026-03-13 17:31:36.710][INFO] Content browser initialized successfully.
[2026-03-13 17:31:40.777][INFO] Entered menu: Civilization
[2026-03-13 17:31:43.510][INFO] Entered menu: Currency System
[2026-03-13 17:31:44.374][INFO] Viewed detail: Crown Standard
[2026-03-13 17:31:45.125][INFO] Viewed detail: Crown Standard
[2026-03-13 17:31:46.154][INFO] Returned to menu: Civilization
[2026-03-13 17:31:48.285][INFO] Entered menu: Currency System
[2026-03-13 17:31:53.213][INFO] Viewed detail: Crown Standard
[2026-03-13 17:33:25.877][INFO] Returned to menu: Civilization
[2026-03-13 17:33:26.994][INFO] Entered menu: Economy Rules
[2026-03-13 17:33:29.022][INFO] Viewed detail: Crafted Equipment
[2026-03-13 17:33:31.509][INFO] Viewed detail: Default Supply Demand
[2026-03-13 17:33:32.280][INFO] Viewed detail: Luxury Arcane
[2026-03-13 17:33:33.044][INFO] Viewed detail: Refined Materials
[2026-03-13 17:33:33.543][INFO] Viewed detail: Staple Goods
[2026-03-13 17:33:34.010][INFO] Viewed detail: Strategic Wartime
[2026-03-13 17:33:35.593][INFO] Returned to menu: Civilization
[2026-03-13 17:33:37.009][INFO] Entered menu: Economy Rules
[2026-03-13 17:33:38.314][INFO] Returned to menu: Civilization
[2026-03-13 17:33:39.376][INFO] Entered menu: Extraction Methods
[2026-03-13 17:33:40.636][INFO] Viewed detail: Basic
[2026-03-13 17:33:42.942][INFO] Viewed detail: Brine Evaporator
[2026-03-13 17:33:46.074][INFO] Viewed detail: Cutter
[2026-03-13 17:33:47.190][INFO] Viewed detail: Deep Shaft
[2026-03-13 17:33:48.790][INFO] Viewed detail: Dredger
[2026-03-13 17:33:57.506][INFO] Returned to menu: Civilization
[2026-03-13 17:34:02.113][INFO] Entered menu: Currency System
[2026-03-13 17:34:03.255][INFO] Returned to menu: Civilization
[2026-03-13 17:34:03.872][INFO] Returned to menu: Home
[2026-03-13 17:34:05.559][INFO] Entered menu: Story
[2026-03-13 17:34:07.448][INFO] Entered menu: Main Story
[2026-03-13 17:34:08.777][INFO] Entered menu: Chapters
[2026-03-13 17:34:11.454][INFO] Viewed detail: Chapter 01
[2026-03-13 17:34:17.103][INFO] Returned to menu: Main Story
[2026-03-13 17:34:18.796][INFO] Content browser closed. DialogResult=Cancel
[2026-03-13 18:51:58.597][INFO] Content browser starting. Workspace=C:\Users\vagab\OneDrive\Documents\Cataclysm RPG
[2026-03-13 18:52:02.405][INFO] Content browser initialized successfully.
[2026-03-13 18:53:21.146][INFO] Entered menu: World
[2026-03-13 18:53:22.280][INFO] Entered menu: Fauna
[2026-03-13 18:53:25.794][INFO] Entered menu: Amphibian
[2026-03-13 18:53:30.340][INFO] Returned to menu: Fauna
[2026-03-13 18:53:30.992][INFO] Entered menu: Arthropod
[2026-03-13 18:53:33.808][INFO] Viewed detail: Crab
[2026-03-13 18:53:48.397][INFO] Viewed detail: Dung Beetle
[2026-03-13 18:53:55.763][INFO] Returned to menu: Fauna
[2026-03-13 18:54:54.434][INFO] Entered menu: Fish
[2026-03-13 18:54:57.052][INFO] Returned to menu: Fauna
[2026-03-13 18:54:58.338][INFO] Entered menu: Reptile
[2026-03-13 18:55:00.105][INFO] Returned to menu: Fauna
[2026-03-13 18:55:00.883][INFO] Entered menu: Amphibian
[2026-03-13 18:55:02.013][INFO] Returned to menu: Fauna
[2026-03-13 18:55:03.287][INFO] Entered menu: Arthropod
[2026-03-13 18:55:04.601][INFO] Returned to menu: Fauna
[2026-03-13 18:55:06.566][INFO] Content browser closed. DialogResult=Cancel
[2026-03-14 14:24:11.453][INFO] Content browser starting. Workspace=C:\Users\vagab\OneDrive\Documents\Cataclysm RPG
[2026-03-14 14:24:16.327][INFO] Content browser initialized successfully.
[2026-03-14 14:24:25.623][INFO] Entered menu: Civilization
[2026-03-14 14:24:31.738][INFO] Entered menu: Workplaces
[2026-03-14 14:24:36.420][INFO] Entered menu: Extraction
[2026-03-14 14:24:47.276][INFO] Viewed detail: Woodcutter's Cabin
[2026-03-14 14:40:12.263][INFO] Content browser closed. DialogResult=Cancel
[2026-03-14 14:52:42.585][INFO] Content browser starting. Workspace=C:\Users\vagab\OneDrive\Documents\Cataclysm RPG
[2026-03-14 14:53:28.806][INFO] Content browser starting. Workspace=C:\Users\vagab\OneDrive\Documents\Cataclysm RPG
[2026-03-14 15:10:18.659][INFO] Content browser starting. Workspace=C:\Users\vagab\OneDrive\Documents\Cataclysm RPG
[2026-03-14 15:10:23.343][INFO] Content browser initialized successfully.
[2026-03-14 15:10:28.139][INFO] Entered menu: Project Docs
[2026-03-14 15:10:29.254][INFO] Viewed detail: README
[2026-03-14 15:10:31.605][INFO] Viewed detail: Future Content Backlog
[2026-03-14 15:10:37.123][INFO] Returned to menu: Home
[2026-03-14 15:10:39.863][INFO] Entered menu: Civilization
[2026-03-14 15:10:41.264][INFO] Entered menu: Workplaces
[2026-03-14 15:10:45.952][INFO] Entered menu: Extraction
[2026-03-14 15:10:48.556][INFO] Viewed detail: Agricultural Estate
[2026-03-14 15:12:11.186][INFO] Viewed detail: Angler's Camp
[2026-03-14 15:12:18.983][INFO] Viewed detail: Apiary Yard
[2026-03-14 15:12:21.482][INFO] Viewed detail: Clay Pit
[2026-03-14 15:12:22.888][INFO] Viewed detail: Common Farmstead
[2026-03-14 15:12:25.780][INFO] Viewed detail: Deep Shaft Mine
[2026-03-14 15:12:29.887][INFO] Viewed detail: Woodcutter's Hut
[2026-03-14 15:12:32.348][INFO] Viewed detail: Woodcutter's Camp
[2026-03-14 15:12:34.853][INFO] Viewed detail: Woodcutter's Cabin
[2026-03-14 16:37:02.006][INFO] Content browser closed. DialogResult=Cancel
[2026-03-14 16:49:13.337][INFO] Content browser starting. Workspace=C:\Users\vagab\OneDrive\Documents\Cataclysm RPG
[2026-03-14 16:49:28.074][INFO] Content browser starting. Workspace=C:\Users\vagab\OneDrive\Documents\Cataclysm RPG
[2026-03-14 16:49:44.332][INFO] Content browser starting. Workspace=C:\Users\vagab\OneDrive\Documents\Cataclysm RPG
[2026-03-14 16:50:04.568][INFO] Content browser starting. Workspace=C:\Users\vagab\OneDrive\Documents\Cataclysm RPG
[2026-03-14 16:50:23.057][INFO] Content browser starting. Workspace=C:\Users\vagab\OneDrive\Documents\Cataclysm RPG
[2026-03-14 16:50:42.602][INFO] Content browser starting. Workspace=C:\Users\vagab\OneDrive\Documents\Cataclysm RPG
[2026-03-14 16:52:43.526][INFO] Content browser starting. Workspace=C:\Users\vagab\OneDrive\Documents\Cataclysm RPG
[2026-03-14 17:00:50.019][INFO] Content browser starting. Workspace=C:\Users\vagab\OneDrive\Documents\Cataclysm RPG
[2026-03-14 17:09:04.407][INFO] Content browser starting. Workspace=C:\Users\vagab\OneDrive\Documents\Cataclysm RPG
[2026-03-15 12:33:33.035][INFO] Content browser starting. Workspace=C:\Users\vagab\OneDrive\Documents\Cataclysm RPG
[2026-03-15 12:33:37.897][INFO] Content browser initialized successfully.
[2026-03-15 12:33:49.394][INFO] Entered menu: Game
[2026-03-15 12:33:54.305][INFO] Returned to menu: Home
[2026-03-15 12:33:59.114][INFO] Entered menu: World
[2026-03-15 12:34:02.511][INFO] Entered menu: Climate Profiles
[2026-03-15 12:34:03.670][INFO] Viewed detail: Cold
[2026-03-15 12:34:12.668][INFO] Viewed detail: Cold
[2026-03-15 12:34:13.700][INFO] Viewed detail: Drought Year
[2026-03-15 12:34:14.804][INFO] Viewed detail: Dry Year
[2026-03-15 12:34:15.639][INFO] Viewed detail: Early Spring
[2026-03-15 12:34:16.327][INFO] Viewed detail: Extended Withering
[2026-03-15 12:34:17.728][INFO] Viewed detail: Flood Year
[2026-03-15 12:34:21.504][INFO] Viewed detail: Wet Year
[2026-03-15 12:34:26.877][INFO] Returned to menu: World
[2026-03-15 12:34:30.709][INFO] Entered menu: Fauna
[2026-03-15 12:34:37.177][INFO] Entered menu: Amphibian
[2026-03-15 12:36:37.422][INFO] Returned to menu: Fauna
[2026-03-15 12:36:38.773][INFO] Entered menu: Arthropod
[2026-03-15 12:39:46.591][INFO] Returned to menu: Fauna
[2026-03-15 12:39:48.230][INFO] Entered menu: Avian
[2026-03-15 12:40:28.228][INFO] Viewed detail: Ember Hawk
[2026-03-15 12:41:22.722][INFO] Returned to menu: Fauna
[2026-03-15 12:41:24.789][INFO] Entered menu: Avian
[2026-03-15 12:41:30.693][INFO] Viewed detail: Domestic Duck
[2026-03-15 12:41:33.432][INFO] Viewed detail: Mallard
[2026-03-15 12:41:36.133][INFO] Viewed detail: Marsh Duck
[2026-03-15 12:41:39.436][INFO] Returned to menu: Fauna
[2026-03-15 12:41:42.109][INFO] Entered menu: Fish
[2026-03-15 12:42:30.653][INFO] Returned to menu: Fauna
[2026-03-15 12:42:32.017][INFO] Entered menu: Mammal
[2026-03-15 12:42:54.745][INFO] Returned to menu: Fauna
[2026-03-15 12:42:56.807][INFO] Entered menu: Mollusk
[2026-03-15 12:43:01.647][INFO] Returned to menu: Fauna
[2026-03-15 12:43:03.112][INFO] Entered menu: Reptile
[2026-03-15 12:43:15.514][INFO] Returned to menu: Fauna
[2026-03-15 12:43:20.816][INFO] Returned to menu: World
[2026-03-15 12:43:23.086][INFO] Entered menu: Flora
[2026-03-15 12:43:43.303][INFO] Entered menu: Shrub
[2026-03-15 12:43:49.624][INFO] Returned to menu: Flora
[2026-03-15 12:43:51.468][INFO] Entered menu: Herb
[2026-03-15 12:43:54.335][INFO] Entered menu: B
[2026-03-15 12:43:58.434][INFO] Returned to menu: Herb
[2026-03-15 12:43:59.494][INFO] Entered menu: G
[2026-03-15 12:44:01.841][INFO] Returned to menu: Herb
[2026-03-15 12:44:02.960][INFO] Entered menu: W
[2026-03-15 12:44:04.332][INFO] Returned to menu: Herb
[2026-03-15 12:44:05.624][INFO] Entered menu: W
[2026-03-15 12:44:06.912][INFO] Returned to menu: Herb
[2026-03-15 12:44:13.600][INFO] Content browser closed. DialogResult=Cancel
[2026-03-15 16:21:38.261][INFO] Content browser starting. Workspace=C:\Users\vagab\OneDrive\Documents\Cataclysm RPG
[2026-03-15 16:21:43.068][INFO] Content browser initialized successfully.
[2026-03-15 16:21:50.642][INFO] Entered menu: Project Docs
[2026-03-15 16:21:53.990][INFO] Returned to menu: Home
[2026-03-15 16:21:55.167][INFO] Entered menu: Civilization
[2026-03-15 16:22:01.454][INFO] Returned to menu: Home
[2026-03-15 16:22:04.485][INFO] Entered menu: World
[2026-03-15 16:22:10.800][INFO] Entered menu: Regional Ecology Profiles
[2026-03-15 16:22:14.018][INFO] Viewed detail: Dawnreach Isles Ecology Profile
[2026-03-15 16:22:45.072][INFO] Viewed detail: Draemor Ecology Profile
[2026-03-15 16:23:51.508][INFO] Viewed detail: Kaelvar Ecology Profile
[2026-03-15 16:24:04.609][INFO] Viewed detail: Lantern Isles Ecology Profile
[2026-03-15 16:24:05.656][INFO] Returned to menu: World
[2026-03-15 16:24:08.054][INFO] Entered menu: Regions
[2026-03-15 16:24:09.114][INFO] Viewed detail: Draemor
[2026-03-15 16:24:41.367][INFO] Content browser closed. DialogResult=Cancel
[2026-03-15 18:28:29.879][INFO] Content browser starting. Workspace=C:\Users\vagab\OneDrive\Documents\Cataclysm RPG
[2026-03-15 18:28:34.883][INFO] Content browser initialized successfully.
[2026-03-15 18:28:41.647][INFO] Entered menu: World
[2026-03-15 18:28:45.491][INFO] Entered menu: Settlements
[2026-03-15 18:28:54.185][INFO] Viewed detail: Thornwatch
[2026-03-15 18:29:43.151][INFO] Viewed detail: Tidecrown
[2026-03-15 18:29:58.937][INFO] Viewed detail: Verdeward
[2026-03-15 18:32:11.612][INFO] Viewed detail: Whalebone Watch
[2026-03-15 18:32:17.647][INFO] Viewed detail: Ashsaddle
[2026-03-15 18:32:20.520][INFO] Returned to menu: World
[2026-03-15 18:45:56.152][INFO] Entered menu: World Maps
[2026-03-15 18:45:57.565][INFO] Viewed detail: First World Map
[2026-03-15 18:46:03.325][INFO] Returned to menu: World
[2026-03-15 18:46:03.756][INFO] Returned to menu: Home
[2026-03-15 18:46:08.151][INFO] Entered menu: Civilization
[2026-03-15 18:46:12.817][INFO] Returned to menu: Home
[2026-03-15 18:46:14.781][INFO] Entered menu: Game
[2026-03-15 18:46:16.692][INFO] Returned to menu: Home
[2026-03-15 18:46:18.089][INFO] Entered menu: World
[2026-03-15 18:46:22.502][INFO] Entered menu: Regions
[2026-03-15 18:46:26.103][INFO] Returned to menu: World
[2026-03-15 18:46:30.279][INFO] Entered menu: Settlements
[2026-03-15 18:46:34.613][INFO] Returned to menu: World
[2026-03-15 18:46:36.073][INFO] Entered menu: World Maps
[2026-03-15 18:46:38.185][INFO] Returned to menu: World
[2026-03-15 18:46:40.676][INFO] Entered menu: Regional Ecology Profiles
[2026-03-15 18:46:43.230][INFO] Viewed detail: Dawnreach Isles Ecology Profile
[2026-03-15 18:46:44.775][INFO] Returned to menu: World
[2026-03-15 18:46:55.117][INFO] Entered menu: Regions
[2026-03-15 18:46:58.086][INFO] Returned to menu: World
[2026-03-15 18:47:01.592][INFO] Entered menu: Biomes
[2026-03-15 18:47:04.142][INFO] Returned to menu: World
[2026-03-15 18:47:05.148][INFO] Returned to menu: Home
[2026-03-15 18:47:09.008][INFO] Entered menu: Civilization
[2026-03-15 18:47:12.383][INFO] Entered menu: Infrastructure
[2026-03-15 18:47:14.325][INFO] Viewed detail: Road Network
[2026-03-15 18:47:16.773][INFO] Returned to menu: Civilization
[2026-03-15 18:47:19.232][INFO] Entered menu: Workplaces
[2026-03-15 18:47:20.990][INFO] Returned to menu: Civilization
[2026-03-15 18:47:21.907][INFO] Entered menu: Production Chains
[2026-03-15 18:47:24.165][INFO] Returned to menu: Civilization
[2026-03-15 18:47:25.227][INFO] Entered menu: Meat Cut Standards
[2026-03-15 18:47:31.149][INFO] Returned to menu: Civilization
[2026-03-15 18:47:34.631][INFO] Returned to menu: Home
[2026-03-15 18:47:36.469][INFO] Entered menu: Project Docs
[2026-03-15 18:47:37.774][INFO] Returned to menu: Home
[2026-03-15 18:47:42.477][INFO] Entered menu: World
[2026-03-15 18:47:49.334][INFO] Entered menu: Regions
[2026-03-15 18:47:51.237][INFO] Viewed detail: Draemor
[2026-03-15 18:47:53.654][INFO] Returned to menu: World
[2026-03-15 18:47:55.433][INFO] Entered menu: Settlements
[2026-03-15 18:47:59.503][INFO] Returned to menu: World
[2026-03-15 18:48:00.288][INFO] Entered menu: Settlements
[2026-03-15 18:48:01.212][INFO] Returned to menu: World
[2026-03-15 18:48:03.267][INFO] Entered menu: Regions
[2026-03-15 18:48:05.727][INFO] Returned to menu: World
[2026-03-15 18:48:08.232][INFO] Returned to menu: Home
[2026-03-15 18:48:13.532][INFO] Entered menu: Game
[2026-03-15 18:48:15.277][INFO] Entered menu: Global Rules
[2026-03-15 18:48:17.039][INFO] Returned to menu: Game
[2026-03-15 18:48:17.596][INFO] Entered menu: Events
[2026-03-15 18:48:18.996][INFO] Returned to menu: Game
[2026-03-15 18:48:19.601][INFO] Entered menu: Balancing Constants
[2026-03-15 18:48:21.155][INFO] Returned to menu: Game
[2026-03-15 18:48:22.361][INFO] Returned to menu: Home
[2026-03-15 18:48:24.292][INFO] Entered menu: Story
[2026-03-15 18:48:25.877][INFO] Returned to menu: Home
[2026-03-15 18:48:27.174][INFO] Entered menu: Coverage Reports
[2026-03-15 18:48:29.509][INFO] Viewed detail: Regional Trade Coverage Report
[2026-03-15 18:48:37.786][INFO] Viewed detail: Slug Conventions
[2026-03-15 18:48:39.046][INFO] Returned to menu: Home
[2026-03-15 18:48:43.270][INFO] Entered menu: Player
[2026-03-15 18:48:45.859][INFO] Returned to menu: Home
[2026-03-15 18:48:47.098][INFO] Entered menu: Items
[2026-03-15 18:48:48.105][INFO] Returned to menu: Home
[2026-03-15 18:48:49.806][INFO] Entered menu: World
[2026-03-15 18:49:07.707][INFO] Entered menu: Settlements
[2026-03-15 18:49:09.927][INFO] Returned to menu: World
[2026-03-15 18:49:11.125][INFO] Content browser closed. DialogResult=Cancel
[2026-03-16 12:37:51.739][INFO] Content browser starting. Workspace=C:\Users\vagab\OneDrive\Documents\Cataclysm RPG
[2026-03-16 12:37:57.529][INFO] Content browser initialized successfully.
[2026-03-16 12:37:57.606][INFO] Entered menu: Project Docs
[2026-03-16 12:38:06.145][INFO] Returned to menu: Home
[2026-03-16 12:38:19.433][INFO] Entered menu: Project Docs
[2026-03-16 12:38:39.270][INFO] Viewed detail: Future Content Backlog
[2026-03-16 12:38:50.277][INFO] Returned to menu: Home
[2026-03-16 12:38:52.400][INFO] Entered menu: Project Docs
[2026-03-16 12:38:53.951][INFO] Returned to menu: Home
[2026-03-16 12:38:55.499][INFO] Entered menu: Civilization
[2026-03-16 12:39:02.618][INFO] Entered menu: Currency System
[2026-03-16 12:39:14.325][INFO] Returned to menu: Civilization
[2026-03-16 12:39:16.247][INFO] Entered menu: Economy Rules
[2026-03-16 12:39:38.466][INFO] Viewed detail: Luxury Arcane
[2026-03-16 12:39:39.973][INFO] Viewed detail: Refined Materials
[2026-03-16 12:39:40.609][INFO] Viewed detail: Staple Goods
[2026-03-16 12:39:41.122][INFO] Viewed detail: Strategic Wartime
[2026-03-16 12:39:56.363][INFO] Returned to menu: Civilization
[2026-03-16 12:40:03.983][INFO] Returned to menu: Home
[2026-03-16 12:40:05.626][INFO] Entered menu: World
[2026-03-16 12:40:08.960][INFO] Entered menu: World Maps
[2026-03-16 12:40:10.787][INFO] Viewed detail: First World Map
[2026-03-16 12:40:11.570][INFO] Viewed detail: First World Map
[2026-03-16 12:40:13.246][INFO] Opened source path externally: C:\Users\vagab\OneDrive\Documents\Cataclysm RPG\packages\content\base\world\world_maps.json
[2026-03-16 12:40:18.986][INFO] Returned to menu: World
[2026-03-16 12:40:21.013][INFO] Entered menu: Settlements
[2026-03-16 12:40:22.545][INFO] Entered menu: B
[2026-03-16 12:40:25.009][INFO] Viewed detail: Blackreef Anchorage
[2026-03-16 12:40:43.623][INFO] Returned to menu: Settlements
[2026-03-16 12:40:45.385][INFO] Returned to menu: World
[2026-03-16 12:40:52.500][INFO] Entered menu: Fauna
[2026-03-16 12:49:30.033][INFO] Content browser closed. DialogResult=Cancel
[2026-03-16 22:41:24.425][INFO] Content browser starting. Workspace=C:\Users\vagab\OneDrive\Documents\Cataclysm RPG
[2026-03-16 22:41:29.578][INFO] Content browser initialized successfully.
[2026-03-16 22:41:31.956][INFO] Entered menu: Game
[2026-03-16 22:41:38.331][INFO] Returned to menu: Home
[2026-03-16 22:41:44.921][INFO] Entered menu: Civilization
[2026-03-16 22:41:51.140][INFO] Returned to menu: Home
[2026-03-16 22:41:53.425][INFO] Entered menu: Game
[2026-03-16 22:41:55.426][INFO] Returned to menu: Home
[2026-03-16 22:41:58.871][INFO] Entered menu: World
[2026-03-16 22:42:03.019][INFO] Entered menu: Settlements
[2026-03-16 22:42:05.297][INFO] Returned to menu: World
[2026-03-16 22:42:06.466][INFO] Entered menu: Regions
[2026-03-16 22:44:15.475][INFO] Viewed detail: The Emerald Mantle
[2026-03-16 22:44:24.429][INFO] Viewed detail: Draemor
[2026-03-16 22:44:51.802][INFO] Viewed detail: Kaelvar
[2026-03-16 22:44:58.602][INFO] Viewed detail: Draemor
[2026-03-16 22:44:59.737][INFO] Viewed detail: Kaelvar
[2026-03-16 22:45:00.191][INFO] Viewed detail: Serathyl
[2026-03-16 22:45:01.880][INFO] Viewed detail: The Auric Marches
[2026-03-16 22:45:15.125][INFO] Returned to menu: World
[2026-03-16 22:45:16.925][INFO] Entered menu: Settlements
[2026-03-16 22:45:19.004][INFO] Entered menu: A
[2026-03-16 22:45:23.193][INFO] Viewed detail: Aurora Anchorage
[2026-03-16 22:45:35.686][INFO] Returned to menu: Settlements
[2026-03-16 22:45:36.703][INFO] Entered menu: D
[2026-03-16 22:45:37.983][INFO] Returned to menu: Settlements
[2026-03-16 22:45:38.863][INFO] Entered menu: H
[2026-03-16 22:45:43.863][INFO] Viewed detail: Harbormast Quay
[2026-03-16 22:45:55.036][INFO] Returned to menu: Settlements
[2026-03-16 22:45:56.725][INFO] Returned to menu: World
[2026-03-16 22:45:58.740][INFO] Content browser closed. DialogResult=Cancel
[2026-03-19 20:18:53.678][INFO] Content browser starting. Workspace=C:\Users\vagab\OneDrive\Documents\Cataclysm RPG
[2026-03-19 20:19:00.600][INFO] Content browser initialized successfully.
[2026-03-19 20:19:05.047][INFO] Entered menu: Project Docs
[2026-03-19 20:19:07.145][INFO] Returned to menu: Home
[2026-03-19 20:19:09.451][INFO] Entered menu: Game
[2026-03-19 20:19:11.257][INFO] Returned to menu: Home
[2026-03-19 20:19:13.645][INFO] Entered menu: World
[2026-03-19 20:19:16.969][INFO] Entered menu: World Maps
[2026-03-19 20:19:20.839][INFO] Viewed detail: First World Map
[2026-03-19 20:20:18.265][INFO] Browser data refreshed.
[2026-03-19 20:20:20.332][INFO] Entered menu: World
[2026-03-19 20:20:21.207][INFO] Entered menu: Regional Ecology Profiles
[2026-03-19 20:20:22.334][INFO] Returned to menu: World
[2026-03-19 20:20:24.931][INFO] Entered menu: World Map Features
[2026-03-19 20:20:29.647][INFO] Returned to menu: World
[2026-03-19 20:20:31.000][INFO] Entered menu: World Maps
[2026-03-19 20:20:35.003][INFO] Viewed detail: First World Map
[2026-03-19 20:24:29.199][INFO] Content browser closed. DialogResult=Cancel
[2026-03-19 21:02:25.696][INFO] Content browser starting. Workspace=C:\Users\vagab\OneDrive\Documents\Cataclysm RPG
[2026-03-19 21:02:32.032][INFO] Content browser initialized successfully.
[2026-03-19 21:02:50.103][INFO] Entered menu: World
[2026-03-19 21:02:51.439][INFO] Entered menu: World Maps
[2026-03-19 21:02:54.936][INFO] Viewed detail: First World Map
[2026-03-19 21:02:58.728][INFO] Returned to menu: World
[2026-03-19 21:03:01.720][INFO] Entered menu: World Map Features
[2026-03-19 21:03:04.369][INFO] Viewed detail: First World Feature Geometry
[2026-03-19 21:03:11.332][INFO] Returned to menu: World
[2026-03-19 21:03:17.205][INFO] Content browser closed. DialogResult=Cancel
[2026-03-19 21:07:27.894][INFO] Content browser starting. Workspace=C:\Users\vagab\OneDrive\Documents\Cataclysm RPG
[2026-03-19 21:07:34.024][INFO] Content browser initialized successfully.
[2026-03-19 21:07:37.893][INFO] Entered menu: World
[2026-03-19 21:07:39.344][INFO] Entered menu: World Maps
[2026-03-19 21:07:42.446][INFO] Viewed detail: First World Map
[2026-03-19 21:07:53.763][INFO] Returned to menu: World
[2026-03-19 21:07:55.728][INFO] Entered menu: World Map Features
[2026-03-19 21:07:58.408][INFO] Viewed detail: First World Feature Geometry
[2026-03-19 21:08:01.122][INFO] Returned to menu: World
[2026-03-19 21:15:59.556][INFO] Content browser closed. DialogResult=Cancel
[2026-03-19 21:16:15.916][INFO] Content browser starting. Workspace=C:\Users\vagab\OneDrive\Documents\Cataclysm RPG
[2026-03-19 21:16:22.020][INFO] Content browser initialized successfully.
[2026-03-19 21:16:24.709][INFO] Entered menu: World
[2026-03-19 21:16:27.450][INFO] Entered menu: Travel Networks
[2026-03-19 21:16:30.778][INFO] Viewed detail: First World Travel Network
[2026-03-19 21:16:33.595][INFO] Returned to menu: World
[2026-03-19 21:16:34.668][INFO] Returned to menu: Home
[2026-03-19 21:16:36.193][INFO] Entered menu: World
[2026-03-19 21:16:37.458][INFO] Entered menu: World Maps
[2026-03-19 21:16:39.679][INFO] Viewed detail: First World Map
[2026-03-19 21:17:41.240][INFO] Opened source path externally: C:\Users\vagab\OneDrive\Documents\Cataclysm RPG\packages\content\base\world\world_maps.json
[2026-03-19 21:17:42.317][INFO] Content browser closed. DialogResult=Cancel
[2026-03-19 21:57:35.078][INFO] Content browser starting. Workspace=C:\Users\vagab\OneDrive\Documents\Cataclysm RPG
[2026-03-19 21:57:41.412][INFO] Content browser initialized successfully.
[2026-03-19 21:57:43.419][INFO] Entered menu: World
[2026-03-19 21:57:45.265][INFO] Entered menu: World Maps
[2026-03-19 21:58:06.422][INFO] Viewed detail: First World Map
[2026-03-19 21:59:18.416][INFO] Content browser closed. DialogResult=Cancel
