[Wed 03/11/2026 15:21:52.32] Launch requested.
[Wed 03/11/2026 15:23:46.09] Launch requested.
[Wed 03/11/2026 19:06:42.44] Launch requested.
[Thu 03/12/2026 19:45:13.46] Launch requested.
[Fri 03/13/2026 16:53:10.69] Launch requested.
[Fri 03/13/2026 17:31:31.56] Launch requested.
[Fri 03/13/2026 18:51:57.78] Launch requested.
[Sat 03/14/2026 14:24:10.45] Launch requested.
[Sat 03/14/2026 15:10:17.75] Launch requested.
[Sun 03/15/2026 12:33:32.07] Launch requested.
[Sun 03/15/2026 16:21:37.36] Launch requested.
[Sun 03/15/2026 18:28:29.01] Launch requested.
[Mon 03/16/2026 12:37:50.74] Launch requested.
[Mon 03/16/2026 22:41:23.36] Launch requested.
[Thu 03/19/2026 20:18:52.49] Launch requested.
[Thu 03/19/2026 21:02:24.69] Launch requested.
[Thu 03/19/2026 21:07:26.94] Launch requested.
[Thu 03/19/2026 21:16:15.04] Launch requested.
[Thu 03/19/2026 21:57:34.20] Launch requested.
[Wed 03/25/2026 17:39:58.61] Launch requested.
